hp@ADMINISTRATOR MINGW64 ~/Desktop/qwerty1 (main)
$ cd ..

hp@ADMINISTRATOR MINGW64 ~/Desktop (master)
$ cd qwerty
qwerty/  qwerty1/

hp@ADMINISTRATOR MINGW64 ~/Desktop (master)
$ cd qwerty

hp@ADMINISTRATOR MINGW64 ~/Desktop/qwerty (main)
$ echo "1 2 3 4 5 6 7 8 9 0 - those are numbers we know" > index1.txt

hp@ADMINISTRATOR MINGW64 ~/Desktop/qwerty (main)
$ git init
Reinitialized existing Git repository in C:/Users/hp/Desktop/qwerty/.git/

hp@ADMINISTRATOR MINGW64 ~/Desktop/qwerty (main)
$ git status
On branch main
Your branch is up to date with 'origin/main'.

Untracked files:
  (use "git add <file>..." to include in what will be committed)
        index1.txt

nothing added to commit but untracked files present (use "git add" to track)

hp@ADMINISTRATOR MINGW64 ~/Desktop/qwerty (main)
$ git add .
warning: LF will be replaced by CRLF in index1.txt.
The file will have its original line endings in your working directory

hp@ADMINISTRATOR MINGW64 ~/Desktop/qwerty (main)
$ git status
On branch main
Your branch is up to date with 'origin/main'.

Changes to be committed:
  (use "git restore --staged <file>..." to unstage)
        new file:   index1.txt


hp@ADMINISTRATOR MINGW64 ~/Desktop/qwerty (main)
$ git commit -m "second"
[main 2bdd9ed] second
 1 file changed, 1 insertion(+)
 create mode 100644 index1.txt

hp@ADMINISTRATOR MINGW64 ~/Desktop/qwerty (main)
$ git branch -M main

hp@ADMINISTRATOR MINGW64 ~/Desktop/qwerty (main)
$ git remote add origin https://github.com/al1yew/vasif12345.git
error: remote origin already exists.

hp@ADMINISTRATOR MINGW64 ~/Desktop/qwerty (main)
$ git push -u origin main
Enumerating objects: 4, done.
Counting objects: 100% (4/4), done.
Delta compression using up to 4 threads
Compressing objects: 100% (2/2), done.
Writing objects: 100% (3/3), 313 bytes | 313.00 KiB/s, done.
Total 3 (delta 0), reused 0 (delta 0), pack-reused 0
To https://github.com/al1yew/vasif12345.git
   b84a156..2bdd9ed  main -> main
branch 'main' set up to track 'origin/main'.

hp@ADMINISTRATOR MINGW64 ~/Desktop/qwerty (main)
$ ^C

hp@ADMINISTRATOR MINGW64 ~/Desktop/qwerty (main)
$
